// Jest Snapshot v1, https://goo.gl/fbAQLP

exports[`Heart should render 1`] = `
<div>
  <div>
    <div
      class="heart"
    />
  </div>
</div>
`;
