// Jest Snapshot v1, https://goo.gl/fbAQLP

exports[`Star should render 1`] = `
<div
  class="star-container"
>
  <div
    class="star"
  />
</div>
`;
